
:before:
<form role="form" name="f1" novalidate ng-init="f1.sent = false;" ng-submit="f1.sent = true; f1.$setPristine(); f1.$valid && submit();" autocomplete="off">
<fieldset>

  <div class="form-group">
    
    <label for="f1foo" class="control-label">My label</label>

    <div>
      <input type="text" placeholder="" class="form-control" name="f1foo" id="f1foo" ng-model="data.foo">
    </div>

  </div>

</fieldset>
</form>

:after:
