
:before:

<!-- AUTOGENERATED BY grunt-ngbs-forms FROM test/fixtures/full_form.js, PLEASE, DON'T MODIFY IT -->
<form role="form" name="f0" novalidate ng-init="['f0'].sent = false;" ng-submit="['f0'].sent = true; ['f0'].$setPristine(); ['f0'].$valid && submit();">
<fieldset>


  <div class="form-group">

    <input type="text" class="form-control" placeholder="" name="f0myinput" id="f0myinput" ng-model="data.myinput">

  </div>


  <div class="form-group" ng-class="{'has-error': f0.sent && (f0['f0myinputv'].$invalid)}">
    <label for="f0myinputv" class="control-label">Email</label>

    <input type="email" class="form-control" placeholder="test@example" name="f0myinputv" id="f0myinputv" ng-model="data.myinputv" myarg1="myvalue1" myarg2="myvalue2" required="" ng-minlength="3">

    <span class="help-block" ng-show="f0.sent && (f0['f0myinputv'].$invalid)">
      <span ng-show="f0['f0myinputv'].$error.required">El email es obligatorio</span>
      <span ng-show="f0['f0myinputv'].$error.minlength">El email debe tener al menos 3 caracteres</span>
    </span>

  </div>


  <div class="form-group" ng-class="{'has-error': f0.sent && (f0['f0myinputaffix'].$invalid)}">

    <div class="input-group">
      <span class="input-group-addon">myprefix</span>
      <input type="text" class="form-control" placeholder="" name="f0myinputaffix" id="f0myinputaffix" ng-model="data.myinputaffix" ng-minlength="3" ng-pattern="/^[a-z]$/">
      <span class="input-group-addon">mysuffix</span>
    </div>

    <span class="help-block" ng-show="f0.sent && (f0['f0myinputaffix'].$invalid)">
      <span ng-show="f0['f0myinputaffix'].$error.minlength">El email debe tener al menos 3 caracteres</span>
      <span ng-show="f0['f0myinputaffix'].$error.pattern">My pattern</span>
    </span>

  </div>


  <div class="form-group">

    <select class="form-control" name="f0myselect" id="f0myselect" ng-model="data.myselect">
    </select>

  </div>


  <div class="form-group" ng-class="{'has-error': f0.sent && (f0['f0myselectoptions'].$invalid || (!f0['f0myselectoptions'].$dirty && ((myexpr))))}">

    <select class="form-control" name="f0myselectoptions" id="f0myselectoptions" ng-model="data.myselectoptions">
      <option value="myvalue1">mylabel1</option>
      <option value="myvalue2">mylabel2</option>
    </select>

    <span class="help-block" ng-show="f0.sent && (f0['f0myselectoptions'].$invalid || (!f0['f0myselectoptions'].$dirty && ((myexpr))))">
      <span ng-show="!f0['f0myselectoptions'].$dirty && f0['f0myselectoptions'].$valid && (myexpr)">My message</span>
    </span>

  </div>


  <div class="form-group">
    <label for="f0myselectng" class="control-label">Select label</label>

    <select class="form-control" name="f0myselectng" id="f0myselectng" ng-model="data.myselectng" ng-options="items in list">
    </select>

  </div>


  <div class="form-group">

    <select class="form-control" name="f0myselectrepeat" id="f0myselectrepeat" ng-model="data.myselectrepeat">
      <option value="foo">bar</option>
      <option ng-repeat="item in list" value="{{ item.label }}">{{ item.label }}</option>
    </select>

  </div>


  <div class="form-group">
    <label for="f0mytextarea" class="control-label">My textarea</label>

    <textarea class="form-control" placeholder="" name="f0mytextarea" id="f0mytextarea" ng-model="data.mytextarea" rows="7"></textarea>

  </div>


  <div class="form-group">
    <label for="f0mystatic" class="control-label">My Static</label>

    <p>static content</p>

  </div>

  <div>
    <p>&nbsp;</p>
    <button type="submit" class="btn btn-primary" ng-disabled="f0.sent && !f0.$valid">Send button</button>
  </div>

  <div foo="bar">
    <p>&nbsp;</p>
    <button type="submit" class="btn btn-primary" ng-disabled="f0.sent && !f0.$valid" baz="qux">Send button</button>
  </div>


</fieldset>
</form>

:after:

