
:before:

<!-- AUTOGENERATED BY grunt-ngbs-forms FROM test/fixtures/simple_form.js, PLEASE, DON'T MODIFY IT -->
<form role="form" name="f0" novalidate ng-init="f0.sent = false;" ng-submit="f0.sent = true; f0.$setPristine(); f0.$valid && submit();" autocomplete="off">
<fieldset>

  <div class="form-group">

    <div>
      <input type="text" placeholder="" class="form-control" name="f0myinput" id="f0myinput" ng-model="data.myinput">
    </div>

  </div>

</fieldset>
</form>

:after:

