
:before:
<form role="form" name="f0" novalidate ng-init="f0.sent = false;" ng-submit="f0.sent = true; f0.$setPristine(); f0.$valid && submit();" autocomplete="off">
<fieldset>

  <div class="form-group">
    
    <label for="f0foo" class="control-label">My label</label>

    <div>
      <input type="text" placeholder="" class="form-control" name="f0foo" id="f0foo" ng-model="data.foo">
    </div>

  </div>

</fieldset>
</form>

:after:
